// Jest Snapshot v1, https://goo.gl/fbAQLP

exports[`HeroBanner - SceneMaroon matches snapshot 1`] = `
<div
  className="field"
>
  <div
    className="scene"
  />
</div>
`;
