// Jest Snapshot v1, https://goo.gl/fbAQLP

exports[`HeroBanner - SceneBlue matches snapshot 1`] = `
<div
  className="field"
>
  <div
    className="hex ripple"
  />
  <div
    className="hex ripple delay1"
  />
  <div
    className="hex ripple delay2"
  />
</div>
`;
