// Jest Snapshot v1, https://goo.gl/fbAQLP

exports[`Counter Component matches snapshot 1`] = `
[
  <h1>
    React Counter
  </h1>,
  <p>
    Page to be replaced
  </p>,
]
`;
