// Jest Snapshot v1, https://goo.gl/fbAQLP

exports[`InternalLink component matches the snapshot 1`] = `
<div>
  <p
    data-testid="to"
  >
    "/test"
  </p>
  <p
    data-testid="state"
  >
    {"resetScroll":true}
  </p>
</div>
`;
