// Jest Snapshot v1, https://goo.gl/fbAQLP

exports[`ErrorPage Component matches snapshot 1`] = `
[
  <h1>
    An Error Occurred!
  </h1>,
  <a
    href="/"
    onClick={[Function]}
  >
    Home
  </a>,
]
`;
