// Jest Snapshot v1, https://goo.gl/fbAQLP

exports[`NotFound Component matches snapshot 1`] = `
[
  <h1>
    Page Not Found!
  </h1>,
  <a
    href="/"
    onClick={[Function]}
  >
    Return to Home
  </a>,
]
`;
